Archive member included to satisfy reference by file (symbol)

/usr/lib/gcc/avr/7.3.0/../../../avr/lib/avr5/libprintf_min.a(vfprintf_min.o)
                              (vfprintf)
/usr/lib/gcc/avr/7.3.0/../../../avr/lib/avr5/libscanf_min.a(vfscanf_min.o)
                              (vfscanf)
/usr/lib/gcc/avr/7.3.0/avr5/libgcc.a(_mulsi3.o)
                              build/obj/hal_flash.o (__mulsi3)
/usr/lib/gcc/avr/7.3.0/avr5/libgcc.a(_udivmodsi4.o)
                              build/obj/hal_flash.o (__udivmodsi4)
/usr/lib/gcc/avr/7.3.0/avr5/libgcc.a(_exit.o)
                              /usr/lib/gcc/avr/7.3.0/../../../avr/lib/avr5/crtatmega328p.o (exit)
/usr/lib/gcc/avr/7.3.0/avr5/libgcc.a(_copy_data.o)
                              build/obj/hal_serial.o (__do_copy_data)
/usr/lib/gcc/avr/7.3.0/avr5/libgcc.a(_clear_bss.o)
                              build/obj/hal_pal_lld.o (__do_clear_bss)
/usr/lib/gcc/avr/7.3.0/avr5/libgcc.a(_muluhisi3.o)
                              build/obj/hal_flash.o (__muluhisi3)
/usr/lib/gcc/avr/7.3.0/avr5/libgcc.a(_prologue.o)
                              /usr/lib/gcc/avr/7.3.0/../../../avr/lib/avr5/libprintf_min.a(vfprintf_min.o) (__prologue_saves__)
/usr/lib/gcc/avr/7.3.0/avr5/libgcc.a(_epilogue.o)
                              /usr/lib/gcc/avr/7.3.0/../../../avr/lib/avr5/libprintf_min.a(vfprintf_min.o) (__epilogue_restores__)
/usr/lib/gcc/avr/7.3.0/avr5/libgcc.a(_adddi3.o)
                              build/obj/chvt.o (__adddi3)
/usr/lib/gcc/avr/7.3.0/avr5/libgcc.a(_umulhisi3.o)
                              /usr/lib/gcc/avr/7.3.0/avr5/libgcc.a(_muluhisi3.o) (__umulhisi3)
/usr/lib/gcc/avr/7.3.0/../../../avr/lib/avr5/libc.a(isspace.o)
                              /usr/lib/gcc/avr/7.3.0/../../../avr/lib/avr5/libscanf_min.a(vfscanf_min.o) (isspace)
/usr/lib/gcc/avr/7.3.0/../../../avr/lib/avr5/libc.a(strchr_P.o)
                              /usr/lib/gcc/avr/7.3.0/../../../avr/lib/avr5/libprintf_min.a(vfprintf_min.o) (strchr_P)
/usr/lib/gcc/avr/7.3.0/../../../avr/lib/avr5/libc.a(memcpy.o)
                              build/obj/hal_buffers.o (memcpy)
/usr/lib/gcc/avr/7.3.0/../../../avr/lib/avr5/libc.a(strcmp.o)
                              build/obj/chregistry.o (strcmp)
/usr/lib/gcc/avr/7.3.0/../../../avr/lib/avr5/libc.a(fgetc.o)
                              /usr/lib/gcc/avr/7.3.0/../../../avr/lib/avr5/libscanf_min.a(vfscanf_min.o) (fgetc)
/usr/lib/gcc/avr/7.3.0/../../../avr/lib/avr5/libc.a(fputc.o)
                              /usr/lib/gcc/avr/7.3.0/../../../avr/lib/avr5/libprintf_min.a(vfprintf_min.o) (fputc)
/usr/lib/gcc/avr/7.3.0/../../../avr/lib/avr5/libc.a(ungetc.o)
                              /usr/lib/gcc/avr/7.3.0/../../../avr/lib/avr5/libscanf_min.a(vfscanf_min.o) (ungetc)
/usr/lib/gcc/avr/7.3.0/../../../avr/lib/avr5/libc.a(ultoa_invert.o)
                              /usr/lib/gcc/avr/7.3.0/../../../avr/lib/avr5/libprintf_min.a(vfprintf_min.o) (__ultoa_invert)
/usr/lib/gcc/avr/7.3.0/../../../avr/lib/avr5/libc.a(cty_isfalse.o)
                              /usr/lib/gcc/avr/7.3.0/../../../avr/lib/avr5/libc.a(isspace.o) (__ctype_isfalse)

Allocating common symbols
Common symbol       size              file

ev_buffer           0xb               build/obj/main.o
ch_system           0x3               build/obj/chsys.o
_pal_events         0x80              build/obj/hal_pal_lld.o
__avr_in_isr        0x1               build/obj/chcore.o
ch0                 0x45              build/obj/chsys.o
ch_memcore          0x4               build/obj/chmemcore.o
SD1                 0x49              build/obj/hal_serial_lld.o

Discarded input sections

 .data          0x0000000000000000        0x0 /usr/lib/gcc/avr/7.3.0/../../../avr/lib/avr5/crtatmega328p.o
 .bss           0x0000000000000000        0x0 /usr/lib/gcc/avr/7.3.0/../../../avr/lib/avr5/crtatmega328p.o
 .text          0x0000000000000000        0x0 build/obj/hal.o
 .data          0x0000000000000000        0x0 build/obj/hal.o
 .bss           0x0000000000000000        0x0 build/obj/hal.o
 .text          0x0000000000000000        0x0 build/obj/hal_st.o
 .data          0x0000000000000000        0x0 build/obj/hal_st.o
 .bss           0x0000000000000000        0x0 build/obj/hal_st.o
 .text.stGetAlarm
                0x0000000000000000        0xa build/obj/hal_st.o
 .text.stIsAlarmActive
                0x0000000000000000        0xa build/obj/hal_st.o
 .text          0x0000000000000000        0x0 build/obj/hal_buffered_serial.o
 .data          0x0000000000000000        0x0 build/obj/hal_buffered_serial.o
 .bss           0x0000000000000000        0x0 build/obj/hal_buffered_serial.o
 .text.bsIncomingDataI
                0x0000000000000000       0x50 build/obj/hal_buffered_serial.o
 .text.bsRequestDataI
                0x0000000000000000       0x38 build/obj/hal_buffered_serial.o
 .debug_info    0x0000000000000000     0x12cc build/obj/hal_buffered_serial.o
[...]
Memory Configuration

Name             Origin             Length             Attributes
text             0x0000000000000000 0x0000000000008000 xr
data             0x0000000000800100 0x0000000000000800 rw !x
eeprom           0x0000000000810000 0x0000000000000400 rw !x
fuse             0x0000000000820000 0x0000000000000003 rw !x
lock             0x0000000000830000 0x0000000000000400 rw !x
signature        0x0000000000840000 0x0000000000000400 rw !x
user_signatures  0x0000000000850000 0x0000000000000400 rw !x
*default*        0x0000000000000000 0xffffffffffffffff

Linker script and memory map

Address of section .data set to 0x800100
LOAD /usr/lib/gcc/avr/7.3.0/../../../avr/lib/avr5/crtatmega328p.o
LOAD build/obj/hal.o
LOAD build/obj/hal_st.o
LOAD build/obj/hal_buffered_serial.o
LOAD build/obj/hal_buffers.o
LOAD build/obj/hal_queues.o
LOAD build/obj/hal_flash.o
LOAD build/obj/hal_mmcsd.o
LOAD build/obj/hal_pal.o
LOAD build/obj/hal_serial.o
LOAD build/obj/board.o
LOAD build/obj/hal_lld.o
LOAD build/obj/hal_pal_lld.o
LOAD build/obj/hal_st_lld.o
LOAD build/obj/hal_serial_lld.o
LOAD build/obj/osal.o
LOAD build/obj/chsys.o
LOAD build/obj/chrfcu.o
LOAD build/obj/chdebug.o
LOAD build/obj/chtrace.o
LOAD build/obj/chvt.o
LOAD build/obj/chschd.o
LOAD build/obj/chinstances.o
LOAD build/obj/chthreads.o
LOAD build/obj/chregistry.o
LOAD build/obj/chsem.o
LOAD build/obj/chmtx.o
LOAD build/obj/chcond.o
LOAD build/obj/chevents.o
LOAD build/obj/chmsg.o
LOAD build/obj/chmboxes.o
LOAD build/obj/chmemcore.o
LOAD build/obj/chmemheaps.o
LOAD build/obj/chmempools.o
LOAD build/obj/chpipes.o
LOAD build/obj/chobjcaches.o
LOAD build/obj/chdelegates.o
LOAD build/obj/chcore.o
LOAD build/obj/main.o
LOAD /usr/lib/gcc/avr/7.3.0/../../../avr/lib/avr5/libprintf_min.a
LOAD /usr/lib/gcc/avr/7.3.0/../../../avr/lib/avr5/libscanf_min.a
LOAD /usr/lib/gcc/avr/7.3.0/../../../avr/lib/avr5/libm.a
                0x0000000000000000                __main_thread_stack_base__ = 0x0
                0x0000000000000000                __main_thread_stack_end__ = 0x0
START GROUP
LOAD /usr/lib/gcc/avr/7.3.0/avr5/libgcc.a
LOAD /usr/lib/gcc/avr/7.3.0/../../../avr/lib/avr5/libm.a
LOAD /usr/lib/gcc/avr/7.3.0/../../../avr/lib/avr5/libc.a
LOAD /usr/lib/gcc/avr/7.3.0/../../../avr/lib/avr5/libatmega328p.a
END GROUP
                0x0000000000000000                __TEXT_REGION_ORIGIN__ = DEFINED (__TEXT_REGION_ORIGIN__)?__TEXT_REGION_ORIGIN__:0x0
                [0x0000000000800100]                __DATA_REGION_ORIGIN__ = DEFINED (__DATA_REGION_ORIGIN__)?__DATA_REGION_ORIGIN__:0x800060
                [0x0000000000008000]                __TEXT_REGION_LENGTH__ = DEFINED (__TEXT_REGION_LENGTH__)?__TEXT_REGION_LENGTH__:0x20000
                [0x0000000000000800]                __DATA_REGION_LENGTH__ = DEFINED (__DATA_REGION_LENGTH__)?__DATA_REGION_LENGTH__:0xffa0
                [0x0000000000000400]                __EEPROM_REGION_LENGTH__ = DEFINED (__EEPROM_REGION_LENGTH__)?__EEPROM_REGION_LENGTH__:0x10000
                [0x0000000000000003]                __FUSE_REGION_LENGTH__ = DEFINED (__FUSE_REGION_LENGTH__)?__FUSE_REGION_LENGTH__:0x400
                0x0000000000000400                __LOCK_REGION_LENGTH__ = DEFINED (__LOCK_REGION_LENGTH__)?__LOCK_REGION_LENGTH__:0x400
                0x0000000000000400                __SIGNATURE_REGION_LENGTH__ = DEFINED (__SIGNATURE_REGION_LENGTH__)?__SIGNATURE_REGION_LENGTH__:0x400
                0x0000000000000400                __USER_SIGNATURE_REGION_LENGTH__ = DEFINED (__USER_SIGNATURE_REGION_LENGTH__)?__USER_SIGNATURE_REGION_LENGTH__:0x400

.hash
 *(.hash)

.dynsym
 *(.dynsym)

.dynstr
 *(.dynstr)

.gnu.version
 *(.gnu.version)

.gnu.version_d
 *(.gnu.version_d)

.gnu.version_r
 *(.gnu.version_r)

.rel.init
 *(.rel.init)

.rela.init
 *(.rela.init)

.rel.text
 *(.rel.text)
 *(.rel.text.*)
 *(.rel.gnu.linkonce.t*)

.rela.text
 *(.rela.text)
 *(.rela.text.*)
 *(.rela.gnu.linkonce.t*)

.rel.fini
 *(.rel.fini)

.rela.fini
 *(.rela.fini)

.rel.rodata
 *(.rel.rodata)
 *(.rel.rodata.*)
 *(.rel.gnu.linkonce.r*)

.rela.rodata
 *(.rela.rodata)
 *(.rela.rodata.*)
 *(.rela.gnu.linkonce.r*)

.rel.data
 *(.rel.data)
 *(.rel.data.*)
 *(.rel.gnu.linkonce.d*)

.rela.data
 *(.rela.data)
 *(.rela.data.*)
 *(.rela.gnu.linkonce.d*)

.rel.ctors
 *(.rel.ctors)

.rela.ctors
 *(.rela.ctors)

.rel.dtors
 *(.rel.dtors)

.rela.dtors
 *(.rela.dtors)

.rel.got
 *(.rel.got)

.rela.got
 *(.rela.got)

.rel.bss
 *(.rel.bss)

.rela.bss
 *(.rela.bss)

.rel.plt
 *(.rel.plt)

.rela.plt
 *(.rela.plt)

.text           0x0000000000000000     0x249e
 *(.vectors)
 .vectors       0x0000000000000000       0x68 /usr/lib/gcc/avr/7.3.0/../../../avr/lib/avr5/crtatmega328p.o
                0x0000000000000000                __vectors
                0x0000000000000000                __vector_default
 *(.vectors)
 *(.progmem.gcc*)
                0x0000000000000068                . = ALIGN (0x2)
                0x0000000000000068                __trampolines_start = .
 *(.trampolines)
 .trampolines   0x0000000000000068        0x0 linker stubs
 *(.trampolines*)
                0x0000000000000068                __trampolines_end = .
 *libprintf_flt.a:*(.progmem.data)
 *libc.a:*(.progmem.data)
 *(.progmem*)
 .progmem.data  0x0000000000000068       0x17 /usr/lib/gcc/avr/7.3.0/../../../avr/lib/avr5/libprintf_min.a(vfprintf_min.o)
 .progmem.data  0x000000000000007f        0xb /usr/lib/gcc/avr/7.3.0/../../../avr/lib/avr5/libscanf_min.a(vfscanf_min.o)
                0x000000000000008a                . = ALIGN (0x2)
 *(.jumptables)
 *(.jumptables*)
 *(.lowtext)
 *(.lowtext*)
                0x000000000000008a                __ctors_start = .
 *(.ctors)
                0x000000000000008a                __ctors_end = .
                0x000000000000008a                __dtors_start = .
 *(.dtors)
                0x000000000000008a                __dtors_end = .
 SORT(*)(.ctors)
 SORT(*)(.dtors)
 *(.init0)
 .init0         0x000000000000008a        0x0 /usr/lib/gcc/avr/7.3.0/../../../avr/lib/avr5/crtatmega328p.o
                0x000000000000008a                __init
 *(.init0)
 *(.init1)
 *(.init1)
 *(.init2)
 .init2         0x000000000000008a        0xc /usr/lib/gcc/avr/7.3.0/../../../avr/lib/avr5/crtatmega328p.o
 *(.init2)
 *(.init3)
 *(.init3)
 *(.init4)
 .init4         0x0000000000000096       0x16 /usr/lib/gcc/avr/7.3.0/avr5/libgcc.a(_copy_data.o)
                0x0000000000000096                __do_copy_data
 .init4         0x00000000000000ac       0x10 /usr/lib/gcc/avr/7.3.0/avr5/libgcc.a(_clear_bss.o)
                0x00000000000000ac                __do_clear_bss
 *(.init4)
 *(.init5)
 *(.init5)
 *(.init6)
 *(.init6)
 *(.init7)
 *(.init7)
 *(.init8)
 *(.init8)
 *(.init9)
 .init9         0x00000000000000bc        0x8 /usr/lib/gcc/avr/7.3.0/../../../avr/lib/avr5/crtatmega328p.o
 *(.init9)
 *(.text)
 .text          0x00000000000000c4        0x2 /usr/lib/gcc/avr/7.3.0/../../../avr/lib/avr5/crtatmega328p.o
                0x00000000000000c4                __vector_22
                0x00000000000000c4                __vector_1
                0x00000000000000c4                __vector_24
                0x00000000000000c4                __vector_12
                0x00000000000000c4                __bad_interrupt
                0x00000000000000c4                __vector_6
                0x00000000000000c4                __vector_3
                0x00000000000000c4                __vector_23
                0x00000000000000c4                __vector_25
                0x00000000000000c4                __vector_13
                0x00000000000000c4                __vector_17
                0x00000000000000c4                __vector_7
                0x00000000000000c4                __vector_5
                0x00000000000000c4                __vector_4
                0x00000000000000c4                __vector_9
                0x00000000000000c4                __vector_2
                0x00000000000000c4                __vector_21
                0x00000000000000c4                __vector_15
                0x00000000000000c4                __vector_8
                0x00000000000000c4                __vector_14
                0x00000000000000c4                __vector_10
                0x00000000000000c4                __vector_16
                0x00000000000000c4                __vector_20
                0x00000000000000c6                . = ALIGN (0x2)
 *(.text.*)
 .text.halInit  0x00000000000000c6        0xe build/obj/hal.o
                0x00000000000000c6                halInit
 .text.stInit   0x00000000000000d4        0x2 build/obj/hal_st.o
                0x00000000000000d4                stInit
 .text.stGetCounter
                0x00000000000000d6        0xa build/obj/hal_st.o
                0x00000000000000d6                stGetCounter
 .text.stStartAlarm
                0x00000000000000e0       0x12 build/obj/hal_st.o
                0x00000000000000e0                stStartAlarm
 .text.stStopAlarm
                0x00000000000000f2        0x6 build/obj/hal_st.o
                0x00000000000000f2                stStopAlarm
 .text.stSetAlarm
                0x00000000000000f8        0xa build/obj/hal_st.o
                0x00000000000000f8                stSetAlarm
 .text.iq_read  0x0000000000000102       0xb6 build/obj/hal_queues.o
 .text.oq_write
                0x00000000000001b8       0xb6 build/obj/hal_queues.o
 .text.iqObjectInit
                0x000000000000026e       0x34 build/obj/hal_queues.o
                0x000000000000026e                iqObjectInit
 .text.iqPutI   0x00000000000002a2       0x58 build/obj/hal_queues.o
                0x00000000000002a2                iqPutI
 .text.iqGetTimeout
                0x00000000000002fa       0x8c build/obj/hal_queues.o
                0x00000000000002fa                iqGetTimeout
 .text.iqReadTimeout
                0x0000000000000386       0xa2 build/obj/hal_queues.o
                0x0000000000000386                iqReadTimeout
 .text.oqObjectInit
                0x0000000000000428       0x34 build/obj/hal_queues.o
                0x0000000000000428                oqObjectInit
 .text.oqPutTimeout
                0x000000000000045c       0x92 build/obj/hal_queues.o
                0x000000000000045c                oqPutTimeout
 .text.oqGetI   0x00000000000004ee       0x5c build/obj/hal_queues.o
                0x00000000000004ee                oqGetI
 .text.oqWriteTimeout
                0x000000000000054a       0xa2 build/obj/hal_queues.o
                0x000000000000054a                oqWriteTimeout
 .text._readt   0x00000000000005ec        0xe build/obj/hal_serial.o
 .text._read    0x00000000000005fa       0x14 build/obj/hal_serial.o
 .text._writet  0x000000000000060e        0xe build/obj/hal_serial.o
 .text._write   0x000000000000061c       0x14 build/obj/hal_serial.o
 .text._gett    0x0000000000000630        0x4 build/obj/hal_serial.o
 .text._get     0x0000000000000634        0xa build/obj/hal_serial.o
 .text._putt    0x000000000000063e        0x4 build/obj/hal_serial.o
 .text._put     0x0000000000000642        0xa build/obj/hal_serial.o
 .text._ctl     0x000000000000064c       0x12 build/obj/hal_serial.o
 .text.sdInit   0x000000000000065e        0x2 build/obj/hal_serial.o
                0x000000000000065e                sdInit
 .text.sdObjectInit
                0x0000000000000660       0x56 build/obj/hal_serial.o
                0x0000000000000660                sdObjectInit
 .text.sdIncomingDataI
                0x00000000000006b6       0x48 build/obj/hal_serial.o
                0x00000000000006b6                sdIncomingDataI
 .text.sdRequestDataI
                0x00000000000006fe       0x34 build/obj/hal_serial.o
                0x00000000000006fe                sdRequestDataI
 .text.boardInit
                0x0000000000000732        0x8 build/obj/board.o
                0x0000000000000732                boardInit
 .text.hal_lld_init
                0x000000000000073a        0x2 build/obj/hal_lld.o
                0x000000000000073a                hal_lld_init
 .text._pal_lld_init
                0x000000000000073c       0x1c build/obj/hal_pal_lld.o
                0x000000000000073c                _pal_lld_init
 .text._pal_lld_setgroupmode
                0x0000000000000758       0x48 build/obj/hal_pal_lld.o
                0x0000000000000758                _pal_lld_setgroupmode
 .text._pal_lld_setlineid
                0x00000000000007a0        0xa build/obj/hal_pal_lld.o
                0x00000000000007a0                _pal_lld_setlineid
 .text._pal_lld_getportfromline
                0x00000000000007aa        0x4 build/obj/hal_pal_lld.o
                0x00000000000007aa                _pal_lld_getportfromline
 .text._pal_lld_getpadfromline
                0x00000000000007ae        0x2 build/obj/hal_pal_lld.o
                0x00000000000007ae                _pal_lld_getpadfromline
 .text.__vector_11
                0x00000000000007b0       0x56 build/obj/hal_st_lld.o
                0x00000000000007b0                __vector_11
 .text.st_lld_init
                0x0000000000000806       0x2e build/obj/hal_st_lld.o
                0x0000000000000806                st_lld_init
 .text.notify1  0x0000000000000834        0xc build/obj/hal_serial_lld.o
 .text.__vector_18
                0x0000000000000840       0x7c build/obj/hal_serial_lld.o
                0x0000000000000840                __vector_18
 .text.__vector_19
                0x00000000000008bc       0x6e build/obj/hal_serial_lld.o
                0x00000000000008bc                __vector_19
 .text.sd_lld_init
                0x000000000000092a        0xe build/obj/hal_serial_lld.o
                0x000000000000092a                sd_lld_init
 .text.chSysInit
                0x0000000000000938       0x2a build/obj/chsys.o
                0x0000000000000938                chSysInit
 .text.chSysTimerHandlerI
                0x0000000000000962        0x2 build/obj/chsys.o
                0x0000000000000962                chSysTimerHandlerI
 .text.chRFCUCollectFaultsI
                0x0000000000000964       0x2a build/obj/chrfcu.o
                0x0000000000000964                chRFCUCollectFaultsI
 .text.vt_insert_first.constprop.5
                0x000000000000098e      0x10e build/obj/chvt.o
 .text.vt_set_alarm
                0x0000000000000a9c       0xc4 build/obj/chvt.o
 .text.vt_enqueue.constprop.4
                0x0000000000000b60      0x132 build/obj/chvt.o
 .text.chVTDoSetI
                0x0000000000000c92       0x1c build/obj/chvt.o
                0x0000000000000c92                chVTDoSetI
 .text.chVTDoResetI
                0x0000000000000cae      0x116 build/obj/chvt.o
                0x0000000000000cae                chVTDoResetI
 .text.chVTDoTickI
                0x0000000000000dc4      0x22e build/obj/chvt.o
                0x0000000000000dc4                chVTDoTickI
 .text.__sch_wakeup
                0x0000000000000ff2       0xaa build/obj/chschd.o
 .text.chSchReadyI
                0x000000000000109c       0x48 build/obj/chschd.o
                0x000000000000109c                chSchReadyI
 .text.chSchGoSleepS
                0x00000000000010e4       0x38 build/obj/chschd.o
                0x00000000000010e4                chSchGoSleepS
 .text.chSchGoSleepTimeoutS
                0x000000000000111c       0x7a build/obj/chschd.o
                0x000000000000111c                chSchGoSleepTimeoutS
 .text.chSchWakeupS
                0x0000000000001196       0x9c build/obj/chschd.o
                0x0000000000001196                chSchWakeupS
 .text.chSchIsPreemptionRequired
                0x0000000000001232       0x20 build/obj/chschd.o
                0x0000000000001232                chSchIsPreemptionRequired
 .text.chSchDoPreemption
                0x0000000000001252       0x7e build/obj/chschd.o
                0x0000000000001252                chSchDoPreemption
 .text.__idle_thread
                0x00000000000012d0        0x2 build/obj/chinstances.o
 .text.chInstanceObjectInit
                0x00000000000012d2       0xf8 build/obj/chinstances.o
                0x00000000000012d2                chInstanceObjectInit
 .text.__thd_object_init
                0x00000000000013ca       0x5e build/obj/chthreads.o
                0x00000000000013ca                __thd_object_init
 .text.chThdCreateSuspendedI
                0x0000000000001428       0xc2 build/obj/chthreads.o
                0x0000000000001428                chThdCreateSuspendedI
 .text.chThdCreateI
                0x00000000000014ea        0x4 build/obj/chthreads.o
                0x00000000000014ea                chThdCreateI
 .text.chThdCreateStatic
                0x00000000000014ee       0x92 build/obj/chthreads.o
                0x00000000000014ee                chThdCreateStatic
 .text.chThdExitS
                0x0000000000001580       0x64 build/obj/chthreads.o
                0x0000000000001580                chThdExitS
 .text.chThdExit
                0x00000000000015e4        0x4 build/obj/chthreads.o
                0x00000000000015e4                chThdExit
 .text.chThdSleep
                0x00000000000015e8        0xe build/obj/chthreads.o
                0x00000000000015e8                chThdSleep
 .text.chThdEnqueueTimeoutS
                0x00000000000015f6       0x3e build/obj/chthreads.o
                0x00000000000015f6                chThdEnqueueTimeoutS
 .text.chThdDequeueNextI
                0x0000000000001634       0x32 build/obj/chthreads.o
                0x0000000000001634                chThdDequeueNextI
 .text.chMtxObjectInit
                0x0000000000001666       0x10 build/obj/chmtx.o
                0x0000000000001666                chMtxObjectInit
 .text.chEvtSignalI
                0x0000000000001676       0x2c build/obj/chevents.o
                0x0000000000001676                chEvtSignalI
 .text.chEvtBroadcastFlagsI
                0x00000000000016a2       0x4a build/obj/chevents.o
                0x00000000000016a2                chEvtBroadcastFlagsI
 .text.__core_init
                0x00000000000016ec       0x16 build/obj/chmemcore.o
                0x00000000000016ec                __core_init
 .text.chCoreAllocFromTop
                0x0000000000001702       0x4a build/obj/chmemcore.o
                0x0000000000001702                chCoreAllocFromTop
 .text.__heap_init
                0x000000000000174c       0x1a build/obj/chmemheaps.o
                0x000000000000174c                __heap_init
 .text._port_switch
                0x0000000000001766       0x5e build/obj/chcore.o
                0x0000000000001766                _port_switch
 .text._port_thread_start
                0x00000000000017c4        0xc build/obj/chcore.o
                0x00000000000017c4                _port_thread_start
 .text.vt_cb2   0x00000000000017d0       0x3a build/obj/main.o
                0x00000000000017d0                vt_cb2
 .text.vt_cb    0x000000000000180a       0x3a build/obj/main.o
                0x000000000000180a                vt_cb
 .text.Thread1  0x0000000000001844       0x48 build/obj/main.o
 .text.startup.main
                0x000000000000188c      0x414 build/obj/main.o
                0x000000000000188c                main
 .text.avr-libc
                0x0000000000001ca0      0x220 /usr/lib/gcc/avr/7.3.0/../../../avr/lib/avr5/libprintf_min.a(vfprintf_min.o)
                0x0000000000001ca0                vfprintf
 .text.avr-libc
                0x0000000000001ec0      0x36a /usr/lib/gcc/avr/7.3.0/../../../avr/lib/avr5/libscanf_min.a(vfscanf_min.o)
                0x0000000000002054                vfscanf
 .text.libgcc.prologue
                0x000000000000222a       0x38 /usr/lib/gcc/avr/7.3.0/avr5/libgcc.a(_prologue.o)
                0x000000000000222a                __prologue_saves__
 .text.libgcc.prologue
                0x0000000000002262       0x36 /usr/lib/gcc/avr/7.3.0/avr5/libgcc.a(_epilogue.o)
                0x0000000000002262                __epilogue_restores__
 .text.avr-libc
                0x0000000000002298       0x10 /usr/lib/gcc/avr/7.3.0/../../../avr/lib/avr5/libc.a(isspace.o)
                0x0000000000002298                isspace
 .text.avr-libc
                0x00000000000022a8       0x16 /usr/lib/gcc/avr/7.3.0/../../../avr/lib/avr5/libc.a(strchr_P.o)
                0x00000000000022a8                strchr_P
 .text.avr-libc
                0x00000000000022be       0x12 /usr/lib/gcc/avr/7.3.0/../../../avr/lib/avr5/libc.a(memcpy.o)
                0x00000000000022be                memcpy
 .text.avr-libc
                0x00000000000022d0       0x78 /usr/lib/gcc/avr/7.3.0/../../../avr/lib/avr5/libc.a(fgetc.o)
                0x00000000000022d0                fgetc
 .text.avr-libc
                0x0000000000002348       0x60 /usr/lib/gcc/avr/7.3.0/../../../avr/lib/avr5/libc.a(fputc.o)
                0x0000000000002348                fputc
 .text.avr-libc
                0x00000000000023a8       0x30 /usr/lib/gcc/avr/7.3.0/../../../avr/lib/avr5/libc.a(ungetc.o)
                0x00000000000023a8                ungetc
 .text.avr-libc
                0x00000000000023d8       0xbc /usr/lib/gcc/avr/7.3.0/../../../avr/lib/avr5/libc.a(ultoa_invert.o)
                0x00000000000023d8                __ultoa_invert
 .text.avr-libc
                0x0000000000002494        0x6 /usr/lib/gcc/avr/7.3.0/../../../avr/lib/avr5/libc.a(cty_isfalse.o)
                0x0000000000002494                __ctype_isfalse
                0x0000000000002498                __ctype_istrue
                0x000000000000249a                . = ALIGN (0x2)
 *(.fini9)
 .fini9         0x000000000000249a        0x0 /usr/lib/gcc/avr/7.3.0/avr5/libgcc.a(_exit.o)
                0x000000000000249a                exit
                0x000000000000249a                _exit
 *(.fini9)
 *(.fini8)
 *(.fini8)
 *(.fini7)
 *(.fini7)
 *(.fini6)
 *(.fini6)
 *(.fini5)
 *(.fini5)
 *(.fini4)
 *(.fini4)
 *(.fini3)
 *(.fini3)
 *(.fini2)
 *(.fini2)
 *(.fini1)
 *(.fini1)
 *(.fini0)
 .fini0         0x000000000000249a        0x4 /usr/lib/gcc/avr/7.3.0/avr5/libgcc.a(_exit.o)
 *(.fini0)
                0x000000000000249e                _etext = .

.data           0x0000000000800100       0x5a load address 0x000000000000249e
                0x0000000000800100                PROVIDE (__data_start, .)
 *(.data)
 *(.data*)
 *(.gnu.linkonce.d*)
 *(.rodata)
 *(.rodata*)
 .rodata.vmt    0x0000000000800100       0x14 build/obj/hal_serial.o
 .rodata.pal_default_config
                0x0000000000800114        0x6 build/obj/board.o
                0x0000000000800114                pal_default_config
 .rodata.str1.1
                0x000000000080011a        0x3 build/obj/chsys.o
 .rodata.ch_core0_cfg
                0x000000000080011d        0x6 build/obj/chsys.o
                0x000000000080011d                ch_core0_cfg
 .rodata.chInstanceObjectInit.str1.1
                0x0000000000800123        0x5 build/obj/chinstances.o
 .rodata.chThdCreateStatic.str1.1
                0x0000000000800128        0x7 build/obj/chthreads.o
 .rodata.ch_debug
                0x000000000080012f       0x2b build/obj/chregistry.o
                0x000000000080012f                ch_debug
 *(.gnu.linkonce.r*)
                0x000000000080015a                . = ALIGN (0x2)
                0x000000000080015a                _edata = .
                0x000000000080015a                PROVIDE (__data_end, .)

.bss            0x000000000080015a      0x21d
                0x000000000080015a                PROVIDE (__bss_start, .)
 *(.bss)
 *(.bss*)
 .bss.ch_c0_idle_thread_wa
                0x000000000080015a       0x6b build/obj/chsys.o
 .bss.static_heap.3139
                0x00000000008001c5       0x80 build/obj/chmemcore.o
 .bss.default_heap
                0x0000000000800245        0xe build/obj/chmemheaps.o
 .bss.waThread1
                0x0000000000800253       0x83 build/obj/main.o
 *(COMMON)
 COMMON         0x00000000008002d6       0x49 build/obj/hal_serial_lld.o
                0x00000000008002d6                SD1
 COMMON         0x000000000080031f       0x48 build/obj/chsys.o
                0x000000000080031f                ch_system
                0x0000000000800322                ch0
 COMMON         0x0000000000800367        0x4 build/obj/chmemcore.o
                0x0000000000800367                ch_memcore
 COMMON         0x000000000080036b        0x1 build/obj/chcore.o
                0x000000000080036b                __avr_in_isr
 COMMON         0x000000000080036c        0xb build/obj/main.o
                0x000000000080036c                ev_buffer
                0x0000000000800377                PROVIDE (__bss_end, .)
                0x000000000000249e                __data_load_start = LOADADDR (.data)
                0x00000000000024f8                __data_load_end = (__data_load_start + SIZEOF (.data))

.noinit         0x0000000000800377        0x0
                [!provide]                        PROVIDE (__noinit_start, .)
 *(.noinit*)
                [!provide]                        PROVIDE (__noinit_end, .)
                0x0000000000800377                _end = .
                [!provide]                        PROVIDE (__heap_start, .)

.eeprom         0x0000000000810000        0x0
 *(.eeprom*)
                0x0000000000810000                __eeprom_end = .

.fuse
 *(.fuse)
 *(.lfuse)
 *(.hfuse)
 *(.efuse)

.lock
 *(.lock*)

.signature
 *(.signature*)

.user_signatures
 *(.user_signatures*)

.stab
 *(.stab)

.stabstr
 *(.stabstr)

.stab.excl
 *(.stab.excl)

.stab.exclstr
 *(.stab.exclstr)

.stab.index
 *(.stab.index)

.stab.indexstr
 *(.stab.indexstr)

.comment        0x0000000000000000       0x11
 *(.comment)
 .comment       0x0000000000000000       0x11 build/obj/hal.o
                                         0x12 (size before relaxing)
 .comment       0x0000000000000011       0x12 build/obj/hal_st.o
 .comment       0x0000000000000011       0x12 build/obj/hal_queues.o
 .comment       0x0000000000000011       0x12 build/obj/hal_serial.o
 .comment       0x0000000000000011       0x12 build/obj/board.o
 .comment       0x0000000000000011       0x12 build/obj/hal_lld.o
 .comment       0x0000000000000011       0x12 build/obj/hal_pal_lld.o
 .comment       0x0000000000000011       0x12 build/obj/hal_st_lld.o
 .comment       0x0000000000000011       0x12 build/obj/hal_serial_lld.o
 .comment       0x0000000000000011       0x12 build/obj/chsys.o
 .comment       0x0000000000000011       0x12 build/obj/chrfcu.o
 .comment       0x0000000000000011       0x12 build/obj/chvt.o
 .comment       0x0000000000000011       0x12 build/obj/chschd.o
 .comment       0x0000000000000011       0x12 build/obj/chinstances.o
 .comment       0x0000000000000011       0x12 build/obj/chthreads.o
 .comment       0x0000000000000011       0x12 build/obj/chregistry.o
 .comment       0x0000000000000011       0x12 build/obj/chmtx.o
 .comment       0x0000000000000011       0x12 build/obj/chevents.o
 .comment       0x0000000000000011       0x12 build/obj/chmemcore.o
 .comment       0x0000000000000011       0x12 build/obj/chmemheaps.o
 .comment       0x0000000000000011       0x12 build/obj/chcore.o
 .comment       0x0000000000000011       0x12 build/obj/main.o
 .comment       0x0000000000000011       0x12 /usr/lib/gcc/avr/7.3.0/../../../avr/lib/avr5/libprintf_min.a(vfprintf_min.o)
 .comment       0x0000000000000011       0x12 /usr/lib/gcc/avr/7.3.0/../../../avr/lib/avr5/libscanf_min.a(vfscanf_min.o)
 .comment       0x0000000000000011       0x12 /usr/lib/gcc/avr/7.3.0/../../../avr/lib/avr5/libc.a(fgetc.o)
 .comment       0x0000000000000011       0x12 /usr/lib/gcc/avr/7.3.0/../../../avr/lib/avr5/libc.a(fputc.o)
 .comment       0x0000000000000011       0x12 /usr/lib/gcc/avr/7.3.0/../../../avr/lib/avr5/libc.a(ungetc.o)

.note.gnu.avr.deviceinfo
                0x0000000000000000       0x40
 .note.gnu.avr.deviceinfo
                0x0000000000000000       0x40 /usr/lib/gcc/avr/7.3.0/../../../avr/lib/avr5/crtatmega328p.o

.note.gnu.build-id
 *(.note.gnu.build-id)

.debug
 *(.debug)

.line
 *(.line)

.debug_srcinfo
 *(.debug_srcinfo)

.debug_sfnames
 *(.debug_sfnames)

.debug_aranges  0x0000000000000000      0x758
 *(.debug_aranges)
 .debug_aranges
                0x0000000000000000       0x20 build/obj/hal.o
 .debug_aranges
                0x0000000000000020       0x50 build/obj/hal_st.o
 .debug_aranges
                0x0000000000000070       0x98 build/obj/hal_queues.o
 .debug_aranges
                0x0000000000000108       0xa0 build/obj/hal_serial.o
 .debug_aranges
                0x00000000000001a8       0x20 build/obj/board.o
 .debug_aranges
                0x00000000000001c8       0x20 build/obj/hal_lld.o
 .debug_aranges
                0x00000000000001e8       0x48 build/obj/hal_pal_lld.o
 .debug_aranges
                0x0000000000000230       0x28 build/obj/hal_st_lld.o
 .debug_aranges
                0x0000000000000258       0x48 build/obj/hal_serial_lld.o
 .debug_aranges
                0x00000000000002a0       0x58 build/obj/chsys.o
 .debug_aranges
                0x00000000000002f8       0x28 build/obj/chrfcu.o
 .debug_aranges
                0x0000000000000320       0x68 build/obj/chvt.o
 .debug_aranges
                0x0000000000000388       0x68 build/obj/chschd.o
 .debug_aranges
                0x00000000000003f0       0x28 build/obj/chinstances.o
 .debug_aranges
                0x0000000000000418       0xe8 build/obj/chthreads.o
 .debug_aranges
                0x0000000000000500       0x38 build/obj/chregistry.o
 .debug_aranges
                0x0000000000000538       0x60 build/obj/chmtx.o
 .debug_aranges
                0x0000000000000598       0xb0 build/obj/chevents.o
 .debug_aranges
                0x0000000000000648       0x48 build/obj/chmemcore.o
 .debug_aranges
                0x0000000000000690       0x40 build/obj/chmemheaps.o
 .debug_aranges
                0x00000000000006d0       0x28 build/obj/chcore.o
 .debug_aranges
                0x00000000000006f8       0x60 build/obj/main.o

.debug_pubnames
 *(.debug_pubnames)

.debug_info     0x0000000000000000    0x1b430
 *(.debug_info .gnu.linkonce.wi.*)
 .debug_info    0x0000000000000000      0x5f4 /usr/lib/gcc/avr/7.3.0/../../../avr/lib/avr5/crtatmega328p.o
 .debug_info    0x00000000000005f4     0x101c build/obj/hal.o
 .debug_info    0x0000000000001610     0x119f build/obj/hal_st.o
 .debug_info    0x00000000000027af     0x1f9c build/obj/hal_queues.o
 .debug_info    0x000000000000474b     0x1cd3 build/obj/hal_serial.o
 .debug_info    0x000000000000641e      0xfa9 build/obj/board.o
 .debug_info    0x00000000000073c7      0xf9c build/obj/hal_lld.o
 .debug_info    0x0000000000008363     0x11d8 build/obj/hal_pal_lld.o
 .debug_info    0x000000000000953b     0x1054 build/obj/hal_st_lld.o
 .debug_info    0x000000000000a58f     0x1361 build/obj/hal_serial_lld.o
 .debug_info    0x000000000000b8f0      0xebf build/obj/chsys.o
 .debug_info    0x000000000000c7af      0xafa build/obj/chrfcu.o
 .debug_info    0x000000000000d2a9     0x19f5 build/obj/chvt.o
 .debug_info    0x000000000000ec9e     0x145c build/obj/chschd.o
 .debug_info    0x00000000000100fa      0xdfb build/obj/chinstances.o
 .debug_info    0x0000000000010ef5     0x21e3 build/obj/chthreads.o
 .debug_info    0x00000000000130d8      0xf1a build/obj/chregistry.o
 .debug_info    0x0000000000013ff2     0x133b build/obj/chmtx.o
 .debug_info    0x000000000001532d     0x18be build/obj/chevents.o
 .debug_info    0x0000000000016beb      0xe53 build/obj/chmemcore.o
 .debug_info    0x0000000000017a3e      0xf50 build/obj/chmemheaps.o
 .debug_info    0x000000000001898e      0xb49 build/obj/chcore.o
 .debug_info    0x00000000000194d7     0x1f59 build/obj/main.o

.debug_abbrev   0x0000000000000000     0x4a78
 *(.debug_abbrev)
 .debug_abbrev  0x0000000000000000      0x5a2 /usr/lib/gcc/avr/7.3.0/../../../avr/lib/avr5/crtatmega328p.o
 .debug_abbrev  0x00000000000005a2      0x1e3 build/obj/hal.o
 .debug_abbrev  0x0000000000000785      0x261 build/obj/hal_st.o
 .debug_abbrev  0x00000000000009e6      0x46a build/obj/hal_queues.o
 .debug_abbrev  0x0000000000000e50      0x469 build/obj/hal_serial.o
 .debug_abbrev  0x00000000000012b9      0x1a2 build/obj/board.o
 .debug_abbrev  0x000000000000145b      0x195 build/obj/hal_lld.o
 .debug_abbrev  0x00000000000015f0      0x209 build/obj/hal_pal_lld.o
 .debug_abbrev  0x00000000000017f9      0x1fe build/obj/hal_st_lld.o
 .debug_abbrev  0x00000000000019f7      0x37e build/obj/hal_serial_lld.o
 .debug_abbrev  0x0000000000001d75      0x39a build/obj/chsys.o
 .debug_abbrev  0x000000000000210f      0x1bf build/obj/chrfcu.o
 .debug_abbrev  0x00000000000022ce      0x40b build/obj/chvt.o
 .debug_abbrev  0x00000000000026d9      0x3de build/obj/chschd.o
 .debug_abbrev  0x0000000000002ab7      0x2f9 build/obj/chinstances.o
 .debug_abbrev  0x0000000000002db0      0x4ca build/obj/chthreads.o
 .debug_abbrev  0x000000000000327a      0x349 build/obj/chregistry.o
 .debug_abbrev  0x00000000000035c3      0x458 build/obj/chmtx.o
 .debug_abbrev  0x0000000000003a1b      0x4d1 build/obj/chevents.o
 .debug_abbrev  0x0000000000003eec      0x2cf build/obj/chmemcore.o
 .debug_abbrev  0x00000000000041bb      0x2ea build/obj/chmemheaps.o
 .debug_abbrev  0x00000000000044a5      0x1db build/obj/chcore.o
 .debug_abbrev  0x0000000000004680      0x3f8 build/obj/main.o

.debug_line     0x0000000000000000     0x8096
 *(.debug_line .debug_line.* .debug_line_end)
 .debug_line    0x0000000000000000       0x1a /usr/lib/gcc/avr/7.3.0/../../../avr/lib/avr5/crtatmega328p.o
 .debug_line    0x000000000000001a      0x55a build/obj/hal.o
 .debug_line    0x0000000000000574      0x55b build/obj/hal_st.o
 .debug_line    0x0000000000000acf      0xa33 build/obj/hal_queues.o
 .debug_line    0x0000000000001502      0x73a build/obj/hal_serial.o
 .debug_line    0x0000000000001c3c      0x434 build/obj/board.o
 .debug_line    0x0000000000002070      0x42e build/obj/hal_lld.o
 .debug_line    0x000000000000249e      0x4ab build/obj/hal_pal_lld.o
 .debug_line    0x0000000000002949      0x506 build/obj/hal_st_lld.o
 .debug_line    0x0000000000002e4f      0x5cc build/obj/hal_serial_lld.o
 .debug_line    0x000000000000341b      0x525 build/obj/chsys.o
 .debug_line    0x0000000000003940      0x2b3 build/obj/chrfcu.o
 .debug_line    0x0000000000003bf3      0x7f0 build/obj/chvt.o
 .debug_line    0x00000000000043e3      0x672 build/obj/chschd.o
 .debug_line    0x0000000000004a55      0x3c9 build/obj/chinstances.o
 .debug_line    0x0000000000004e1e      0xb3f build/obj/chthreads.o
 .debug_line    0x000000000000595d      0x437 build/obj/chregistry.o
 .debug_line    0x0000000000005d94      0x728 build/obj/chmtx.o
 .debug_line    0x00000000000064bc      0x87e build/obj/chevents.o
 .debug_line    0x0000000000006d3a      0x431 build/obj/chmemcore.o
 .debug_line    0x000000000000716b      0x559 build/obj/chmemheaps.o
 .debug_line    0x00000000000076c4      0x39b build/obj/chcore.o
 .debug_line    0x0000000000007a5f      0x637 build/obj/main.o

.debug_frame    0x0000000000000000     0x1608
 *(.debug_frame)
 .debug_frame   0x0000000000000000       0x24 build/obj/hal.o
 .debug_frame   0x0000000000000024       0x84 build/obj/hal_st.o
 .debug_frame   0x00000000000000a8      0x314 build/obj/hal_queues.o
 .debug_frame   0x00000000000003bc      0x1cc build/obj/hal_serial.o
 .debug_frame   0x0000000000000588       0x24 build/obj/board.o
 .debug_frame   0x00000000000005ac       0x24 build/obj/hal_lld.o
 .debug_frame   0x00000000000005d0       0x74 build/obj/hal_pal_lld.o
 .debug_frame   0x0000000000000644       0x88 build/obj/hal_st_lld.o
 .debug_frame   0x00000000000006cc      0x11c build/obj/hal_serial_lld.o
 .debug_frame   0x00000000000007e8       0xa0 build/obj/chsys.o
 .debug_frame   0x0000000000000888       0x64 build/obj/chrfcu.o
 .debug_frame   0x00000000000008ec      0x288 build/obj/chvt.o
 .debug_frame   0x0000000000000b74      0x148 build/obj/chschd.o
 .debug_frame   0x0000000000000cbc       0x64 build/obj/chinstances.o
 .debug_frame   0x0000000000000d20      0x294 build/obj/chthreads.o
 .debug_frame   0x0000000000000fb4       0x6c build/obj/chregistry.o
 .debug_frame   0x0000000000001020       0xec build/obj/chmtx.o
 .debug_frame   0x000000000000110c      0x234 build/obj/chevents.o
 .debug_frame   0x0000000000001340       0x74 build/obj/chmemcore.o
 .debug_frame   0x00000000000013b4      0x124 build/obj/chmemheaps.o
 .debug_frame   0x00000000000014d8       0x34 build/obj/chcore.o
 .debug_frame   0x000000000000150c       0xfc build/obj/main.o

.debug_str      0x0000000000000000     0x2407
 *(.debug_str)
 .debug_str     0x0000000000000000      0x208 /usr/lib/gcc/avr/7.3.0/../../../avr/lib/avr5/crtatmega328p.o
 .debug_str     0x0000000000000208      0x8bd build/obj/hal.o
                                        0x9c3 (size before relaxing)
 .debug_str     0x0000000000000ac5      0x129 build/obj/hal_st.o
                                        0xa68 (size before relaxing)
 .debug_str     0x0000000000000bee      0x21e build/obj/hal_queues.o
                                        0xb66 (size before relaxing)
 .debug_str     0x0000000000000e0c      0x1cd build/obj/hal_serial.o
                                        0xbdc (size before relaxing)
 .debug_str     0x0000000000000fd9       0x5e build/obj/board.o
                                        0x99b (size before relaxing)
 .debug_str     0x0000000000001037       0x64 build/obj/hal_lld.o
                                        0x9a4 (size before relaxing)
 .debug_str     0x000000000000109b      0x141 build/obj/hal_pal_lld.o
                                        0xa8c (size before relaxing)
 .debug_str     0x00000000000011dc      0x13f build/obj/hal_st_lld.o
                                        0xa7e (size before relaxing)
 .debug_str     0x000000000000131b       0xb9 build/obj/hal_serial_lld.o
                                        0xb51 (size before relaxing)
 .debug_str     0x00000000000013d4      0x184 build/obj/chsys.o
                                        0x956 (size before relaxing)
 .debug_str     0x0000000000001558       0x7c build/obj/chrfcu.o
                                        0x7a2 (size before relaxing)
 .debug_str     0x00000000000015d4      0x273 build/obj/chvt.o
                                        0xa56 (size before relaxing)
 .debug_str     0x0000000000001847      0x1b3 build/obj/chschd.o
                                        0x9c1 (size before relaxing)
 .debug_str     0x00000000000019fa      0x13d build/obj/chinstances.o
                                        0x8e4 (size before relaxing)
 .debug_str     0x0000000000001b37      0x251 build/obj/chthreads.o
                                        0xb2e (size before relaxing)
 .debug_str     0x0000000000001d88       0xbd build/obj/chregistry.o
                                        0x81f (size before relaxing)
 .debug_str     0x0000000000001e45       0xec build/obj/chmtx.o
                                        0x8d5 (size before relaxing)
 .debug_str     0x0000000000001f31      0x1d6 build/obj/chevents.o
                                        0xa0b (size before relaxing)
 .debug_str     0x0000000000002107       0xc7 build/obj/chmemcore.o
                                        0x83c (size before relaxing)
 .debug_str     0x00000000000021ce      0x11e build/obj/chmemheaps.o
                                        0x89e (size before relaxing)
 .debug_str     0x00000000000022ec       0x6b build/obj/chcore.o
                                        0x7bf (size before relaxing)
 .debug_str     0x0000000000002357       0xb0 build/obj/main.o
                                        0xb8b (size before relaxing)

.debug_loc      0x0000000000000000     0x6f6d
 *(.debug_loc)
 .debug_loc     0x0000000000000000       0x7c build/obj/hal_st.o
 .debug_loc     0x000000000000007c     0x124e build/obj/hal_queues.o
 .debug_loc     0x00000000000012ca      0xa65 build/obj/hal_serial.o
 .debug_loc     0x0000000000001d2f      0x135 build/obj/hal_pal_lld.o
 .debug_loc     0x0000000000001e64       0xcb build/obj/hal_st_lld.o
 .debug_loc     0x0000000000001f2f      0x384 build/obj/hal_serial_lld.o
 .debug_loc     0x00000000000022b3      0x21d build/obj/chsys.o
 .debug_loc     0x00000000000024d0       0xbe build/obj/chrfcu.o
 .debug_loc     0x000000000000258e      0xe86 build/obj/chvt.o
 .debug_loc     0x0000000000003414      0x6bf build/obj/chschd.o
 .debug_loc     0x0000000000003ad3      0x1bd build/obj/chinstances.o
 .debug_loc     0x0000000000003c90      0xff1 build/obj/chthreads.o
 .debug_loc     0x0000000000004c81      0x269 build/obj/chregistry.o
 .debug_loc     0x0000000000004eea      0x6a2 build/obj/chmtx.o
 .debug_loc     0x000000000000558c      0x9e9 build/obj/chevents.o
 .debug_loc     0x0000000000005f75      0x38d build/obj/chmemcore.o
 .debug_loc     0x0000000000006302      0x866 build/obj/chmemheaps.o
 .debug_loc     0x0000000000006b68      0x405 build/obj/main.o

.debug_macinfo
 *(.debug_macinfo)

.debug_weaknames
 *(.debug_weaknames)

.debug_funcnames
 *(.debug_funcnames)

.debug_typenames
 *(.debug_typenames)

.debug_varnames
 *(.debug_varnames)

.debug_pubtypes
 *(.debug_pubtypes)

.debug_ranges   0x0000000000000000      0xa68
 *(.debug_ranges)
 .debug_ranges  0x0000000000000000       0x10 build/obj/hal.o
 .debug_ranges  0x0000000000000010       0x40 build/obj/hal_st.o
 .debug_ranges  0x0000000000000050      0x118 build/obj/hal_queues.o
 .debug_ranges  0x0000000000000168       0xc0 build/obj/hal_serial.o
 .debug_ranges  0x0000000000000228       0x10 build/obj/board.o
 .debug_ranges  0x0000000000000238       0x10 build/obj/hal_lld.o
 .debug_ranges  0x0000000000000248       0x38 build/obj/hal_pal_lld.o
 .debug_ranges  0x0000000000000280       0x18 build/obj/hal_st_lld.o
 .debug_ranges  0x0000000000000298       0x50 build/obj/hal_serial_lld.o
 .debug_ranges  0x00000000000002e8       0x90 build/obj/chsys.o
 .debug_ranges  0x0000000000000378       0x18 build/obj/chrfcu.o
 .debug_ranges  0x0000000000000390      0x140 build/obj/chvt.o
 .debug_ranges  0x00000000000004d0       0x58 build/obj/chschd.o
 .debug_ranges  0x0000000000000528       0x18 build/obj/chinstances.o
 .debug_ranges  0x0000000000000540      0x138 build/obj/chthreads.o
 .debug_ranges  0x0000000000000678       0x88 build/obj/chregistry.o
 .debug_ranges  0x0000000000000700      0x130 build/obj/chmtx.o
 .debug_ranges  0x0000000000000830       0xe8 build/obj/chevents.o
 .debug_ranges  0x0000000000000918       0x98 build/obj/chmemcore.o
 .debug_ranges  0x00000000000009b0       0x50 build/obj/chmemheaps.o
 .debug_ranges  0x0000000000000a00       0x18 build/obj/chcore.o
 .debug_ranges  0x0000000000000a18       0x50 build/obj/main.o

.debug_macro
 *(.debug_macro)
OUTPUT(build/ch.elf elf32-avr)
LOAD linker stubs

Cross Reference Table

Symbol                                            File
SD1                                               build/obj/hal_serial_lld.o
__DATA_REGION_LENGTH__                            /usr/lib/gcc/avr/7.3.0/../../../avr/lib/avr5/crtatmega328p.o
__DATA_REGION_ORIGIN__                            /usr/lib/gcc/avr/7.3.0/../../../avr/lib/avr5/crtatmega328p.o
__EEPROM_REGION_LENGTH__                          /usr/lib/gcc/avr/7.3.0/../../../avr/lib/avr5/crtatmega328p.o
__FUSE_REGION_LENGTH__                            /usr/lib/gcc/avr/7.3.0/../../../avr/lib/avr5/crtatmega328p.o
__TEXT_REGION_LENGTH__                            /usr/lib/gcc/avr/7.3.0/../../../avr/lib/avr5/crtatmega328p.o
__adddi3                                          /usr/lib/gcc/avr/7.3.0/avr5/libgcc.a(_adddi3.o)
                                                  build/obj/chvt.o
__avr_in_isr                                      build/obj/chcore.o
                                                  build/obj/chinstances.o
                                                  build/obj/chsys.o
                                                  build/obj/hal_serial_lld.o
                                                  build/obj/hal_st_lld.o
__bad_interrupt                                   /usr/lib/gcc/avr/7.3.0/../../../avr/lib/avr5/crtatmega328p.o
__bss_end                                         /usr/lib/gcc/avr/7.3.0/avr5/libgcc.a(_clear_bss.o)
__bss_start                                       /usr/lib/gcc/avr/7.3.0/avr5/libgcc.a(_clear_bss.o)
__ch_delegate_fn0                                 build/obj/chdelegates.o
__ch_delegate_fn1                                 build/obj/chdelegates.o
__ch_delegate_fn2                                 build/obj/chdelegates.o
__ch_delegate_fn3                                 build/obj/chdelegates.o
__ch_delegate_fn4                                 build/obj/chdelegates.o
__core_init                                       build/obj/chmemcore.o
                                                  build/obj/chsys.o
__ctype_isfalse                                   /usr/lib/gcc/avr/7.3.0/../../../avr/lib/avr5/libc.a(cty_isfalse.o)
                                                  /usr/lib/gcc/avr/7.3.0/../../../avr/lib/avr5/libc.a(isspace.o)
__ctype_istrue                                    /usr/lib/gcc/avr/7.3.0/../../../avr/lib/avr5/libc.a(cty_isfalse.o)
__data_end                                        /usr/lib/gcc/avr/7.3.0/avr5/libgcc.a(_copy_data.o)
__data_load_start                                 /usr/lib/gcc/avr/7.3.0/avr5/libgcc.a(_copy_data.o)
__data_start                                      /usr/lib/gcc/avr/7.3.0/avr5/libgcc.a(_copy_data.o)
__do_clear_bss                                    /usr/lib/gcc/avr/7.3.0/avr5/libgcc.a(_clear_bss.o)
                                                  build/obj/main.o
                                                  build/obj/chcore.o
                                                  build/obj/chmemheaps.o
                                                  build/obj/chmemcore.o
                                                  build/obj/chsys.o
                                                  build/obj/hal_serial_lld.o
                                                  build/obj/hal_pal_lld.o
__do_copy_data                                    /usr/lib/gcc/avr/7.3.0/avr5/libgcc.a(_copy_data.o)
                                                  build/obj/chregistry.o
                                                  build/obj/chthreads.o
                                                  build/obj/chinstances.o
                                                  build/obj/chsys.o
                                                  build/obj/board.o
                                                  build/obj/hal_serial.o
__epilogue_restores__                             /usr/lib/gcc/avr/7.3.0/avr5/libgcc.a(_epilogue.o)
                                                  /usr/lib/gcc/avr/7.3.0/../../../avr/lib/avr5/libscanf_min.a(vfscanf_min.o)
                                                  /usr/lib/gcc/avr/7.3.0/../../../avr/lib/avr5/libprintf_min.a(vfprintf_min.o)
__heap_end                                        /usr/lib/gcc/avr/7.3.0/../../../avr/lib/avr5/crtatmega328p.o
__heap_init                                       build/obj/chmemheaps.o
                                                  build/obj/chsys.o
__init                                            /usr/lib/gcc/avr/7.3.0/../../../avr/lib/avr5/crtatmega328p.o
__mulsi3                                          /usr/lib/gcc/avr/7.3.0/avr5/libgcc.a(_mulsi3.o)
                                                  build/obj/hal_flash.o
__muluhisi3                                       /usr/lib/gcc/avr/7.3.0/avr5/libgcc.a(_muluhisi3.o)
                                                  /usr/lib/gcc/avr/7.3.0/avr5/libgcc.a(_mulsi3.o)
                                                  build/obj/hal_flash.o
__prologue_saves__                                /usr/lib/gcc/avr/7.3.0/avr5/libgcc.a(_prologue.o)
                                                  /usr/lib/gcc/avr/7.3.0/../../../avr/lib/avr5/libscanf_min.a(vfscanf_min.o)
                                                  /usr/lib/gcc/avr/7.3.0/../../../avr/lib/avr5/libprintf_min.a(vfprintf_min.o)
__stack                                           /usr/lib/gcc/avr/7.3.0/../../../avr/lib/avr5/crtatmega328p.o
__thd_object_init                                 build/obj/chthreads.o
                                                  build/obj/chinstances.o
__udivmodsi4                                      /usr/lib/gcc/avr/7.3.0/avr5/libgcc.a(_udivmodsi4.o)
                                                  build/obj/hal_flash.o
__ultoa_invert                                    /usr/lib/gcc/avr/7.3.0/../../../avr/lib/avr5/libc.a(ultoa_invert.o)
                                                  /usr/lib/gcc/avr/7.3.0/../../../avr/lib/avr5/libprintf_min.a(vfprintf_min.o)
__umulhisi3                                       /usr/lib/gcc/avr/7.3.0/avr5/libgcc.a(_umulhisi3.o)
                                                  /usr/lib/gcc/avr/7.3.0/avr5/libgcc.a(_muluhisi3.o)
__vector_1                                        /usr/lib/gcc/avr/7.3.0/../../../avr/lib/avr5/crtatmega328p.o
__vector_10                                       /usr/lib/gcc/avr/7.3.0/../../../avr/lib/avr5/crtatmega328p.o
__vector_11                                       build/obj/hal_st_lld.o
                                                  /usr/lib/gcc/avr/7.3.0/../../../avr/lib/avr5/crtatmega328p.o
__vector_12                                       /usr/lib/gcc/avr/7.3.0/../../../avr/lib/avr5/crtatmega328p.o
__vector_13                                       /usr/lib/gcc/avr/7.3.0/../../../avr/lib/avr5/crtatmega328p.o
__vector_14                                       /usr/lib/gcc/avr/7.3.0/../../../avr/lib/avr5/crtatmega328p.o
__vector_15                                       /usr/lib/gcc/avr/7.3.0/../../../avr/lib/avr5/crtatmega328p.o
__vector_16                                       /usr/lib/gcc/avr/7.3.0/../../../avr/lib/avr5/crtatmega328p.o
__vector_17                                       /usr/lib/gcc/avr/7.3.0/../../../avr/lib/avr5/crtatmega328p.o
__vector_18                                       build/obj/hal_serial_lld.o
                                                  /usr/lib/gcc/avr/7.3.0/../../../avr/lib/avr5/crtatmega328p.o
__vector_19                                       build/obj/hal_serial_lld.o
                                                  /usr/lib/gcc/avr/7.3.0/../../../avr/lib/avr5/crtatmega328p.o
__vector_2                                        /usr/lib/gcc/avr/7.3.0/../../../avr/lib/avr5/crtatmega328p.o
__vector_20                                       /usr/lib/gcc/avr/7.3.0/../../../avr/lib/avr5/crtatmega328p.o
__vector_21                                       /usr/lib/gcc/avr/7.3.0/../../../avr/lib/avr5/crtatmega328p.o
__vector_22                                       /usr/lib/gcc/avr/7.3.0/../../../avr/lib/avr5/crtatmega328p.o
__vector_23                                       /usr/lib/gcc/avr/7.3.0/../../../avr/lib/avr5/crtatmega328p.o
__vector_24                                       /usr/lib/gcc/avr/7.3.0/../../../avr/lib/avr5/crtatmega328p.o
__vector_25                                       /usr/lib/gcc/avr/7.3.0/../../../avr/lib/avr5/crtatmega328p.o
__vector_3                                        /usr/lib/gcc/avr/7.3.0/../../../avr/lib/avr5/crtatmega328p.o
__vector_4                                        /usr/lib/gcc/avr/7.3.0/../../../avr/lib/avr5/crtatmega328p.o
__vector_5                                        /usr/lib/gcc/avr/7.3.0/../../../avr/lib/avr5/crtatmega328p.o
__vector_6                                        /usr/lib/gcc/avr/7.3.0/../../../avr/lib/avr5/crtatmega328p.o
__vector_7                                        /usr/lib/gcc/avr/7.3.0/../../../avr/lib/avr5/crtatmega328p.o
__vector_8                                        /usr/lib/gcc/avr/7.3.0/../../../avr/lib/avr5/crtatmega328p.o
__vector_9                                        /usr/lib/gcc/avr/7.3.0/../../../avr/lib/avr5/crtatmega328p.o
__vector_default                                  /usr/lib/gcc/avr/7.3.0/../../../avr/lib/avr5/crtatmega328p.o
__vectors                                         /usr/lib/gcc/avr/7.3.0/../../../avr/lib/avr5/crtatmega328p.o
_exit                                             /usr/lib/gcc/avr/7.3.0/avr5/libgcc.a(_exit.o)
_pal_events                                       build/obj/hal_pal_lld.o
                                                  build/obj/hal_pal.o
_pal_lld_enablepadevent                           build/obj/hal_pal_lld.o
_pal_lld_getpadfromline                           build/obj/hal_pal_lld.o
                                                  build/obj/main.o
                                                  build/obj/hal_pal.o
_pal_lld_getportfromline                          build/obj/hal_pal_lld.o
                                                  build/obj/main.o
_pal_lld_init                                     build/obj/hal_pal_lld.o
                                                  build/obj/hal.o
_pal_lld_setgroupmode                             build/obj/hal_pal_lld.o
                                                  build/obj/main.o
                                                  build/obj/hal_pal.o
_pal_lld_setlineid                                build/obj/hal_pal_lld.o
                                                  build/obj/main.o
_port_switch                                      build/obj/chcore.o
                                                  build/obj/chschd.o
_port_thread_start                                build/obj/chcore.o
                                                  build/obj/chthreads.o
boardInit                                         build/obj/board.o
                                                  build/obj/hal.o
bsIncomingDataI                                   build/obj/hal_buffered_serial.o
bsRequestDataI                                    build/obj/hal_buffered_serial.o
bufferInit                                        build/obj/main.o
bufferPop                                         build/obj/main.o
bufferPush                                        build/obj/main.o
ch0                                               build/obj/chsys.o
                                                  build/obj/chmsg.o
                                                  build/obj/chevents.o
                                                  build/obj/chcond.o
                                                  build/obj/chmtx.o
                                                  build/obj/chsem.o
                                                  build/obj/chregistry.o
                                                  build/obj/chthreads.o
                                                  build/obj/chschd.o
                                                  build/obj/chvt.o
                                                  build/obj/chrfcu.o
chCacheGetObject                                  build/obj/chobjcaches.o
chCacheObjectInit                                 build/obj/chobjcaches.o
chCacheReadObject                                 build/obj/chobjcaches.o
chCacheReleaseObjectI                             build/obj/chobjcaches.o
chCacheWriteObject                                build/obj/chobjcaches.o
chCondBroadcast                                   build/obj/chcond.o
chCondBroadcastI                                  build/obj/chcond.o
chCondObjectInit                                  build/obj/chcond.o
chCondSignal                                      build/obj/chcond.o
chCondSignalI                                     build/obj/chcond.o
chCondWait                                        build/obj/chcond.o
chCondWaitS                                       build/obj/chcond.o
chCondWaitTimeout                                 build/obj/chcond.o
chCondWaitTimeoutS                                build/obj/chcond.o
chCoreAllocFromBase                               build/obj/chmemcore.o
chCoreAllocFromBaseI                              build/obj/chmemcore.o
chCoreAllocFromTop                                build/obj/chmemcore.o
                                                  build/obj/chmemheaps.o
chCoreAllocFromTopI                               build/obj/chmemcore.o
chCoreGetStatusX                                  build/obj/chmemcore.o
chDelegateCallVeneer                              build/obj/chdelegates.o
chDelegateDispatch                                build/obj/chdelegates.o
chDelegateDispatchTimeout                         build/obj/chdelegates.o
chEvtAddEvents                                    build/obj/chevents.o
chEvtBroadcastFlags                               build/obj/chevents.o
chEvtBroadcastFlagsI                              build/obj/chevents.o
                                                  build/obj/hal_serial_lld.o
                                                  build/obj/hal_serial.o
                                                  build/obj/hal_buffered_serial.o
chEvtDispatch                                     build/obj/chevents.o
chEvtGetAndClearEvents                            build/obj/chevents.o
chEvtGetAndClearEventsI                           build/obj/chevents.o
chEvtGetAndClearFlags                             build/obj/chevents.o
chEvtGetAndClearFlagsI                            build/obj/chevents.o
chEvtRegisterMaskWithFlags                        build/obj/chevents.o
chEvtRegisterMaskWithFlagsI                       build/obj/chevents.o
chEvtSignal                                       build/obj/chevents.o
chEvtSignalI                                      build/obj/chevents.o
chEvtUnregister                                   build/obj/chevents.o
chEvtWaitAll                                      build/obj/chevents.o
chEvtWaitAllTimeout                               build/obj/chevents.o
chEvtWaitAny                                      build/obj/chevents.o
chEvtWaitAnyTimeout                               build/obj/chevents.o
chEvtWaitOne                                      build/obj/chevents.o
chEvtWaitOneTimeout                               build/obj/chevents.o
chGuardedPoolAllocTimeout                         build/obj/chmempools.o
chGuardedPoolAllocTimeoutS                        build/obj/chmempools.o
chGuardedPoolFree                                 build/obj/chmempools.o
chGuardedPoolLoadArray                            build/obj/chmempools.o
chGuardedPoolObjectInitAligned                    build/obj/chmempools.o
chHeapAllocAligned                                build/obj/chmemheaps.o
chHeapFree                                        build/obj/chmemheaps.o
chHeapObjectInit                                  build/obj/chmemheaps.o
chHeapStatus                                      build/obj/chmemheaps.o
chInstanceObjectInit                              build/obj/chinstances.o
                                                  build/obj/chsys.o
chMBFetchI                                        build/obj/chmboxes.o
chMBFetchTimeout                                  build/obj/chmboxes.o
chMBFetchTimeoutS                                 build/obj/chmboxes.o
chMBObjectInit                                    build/obj/chmboxes.o
chMBPostAheadI                                    build/obj/chmboxes.o
chMBPostAheadTimeout                              build/obj/chmboxes.o
chMBPostAheadTimeoutS                             build/obj/chmboxes.o
chMBPostI                                         build/obj/chmboxes.o
chMBPostTimeout                                   build/obj/chmboxes.o
chMBPostTimeoutS                                  build/obj/chmboxes.o
chMBReset                                         build/obj/chmboxes.o
chMBResetI                                        build/obj/chmboxes.o
chMsgPollS                                        build/obj/chmsg.o
chMsgRelease                                      build/obj/chmsg.o
                                                  build/obj/chdelegates.o
chMsgSend                                         build/obj/chmsg.o
                                                  build/obj/chdelegates.o
chMsgWaitS                                        build/obj/chmsg.o
                                                  build/obj/chdelegates.o
chMsgWaitTimeoutS                                 build/obj/chmsg.o
                                                  build/obj/chdelegates.o
chMtxLock                                         build/obj/chmtx.o
                                                  build/obj/chpipes.o
                                                  build/obj/chmemheaps.o
chMtxLockS                                        build/obj/chmtx.o
                                                  build/obj/chcond.o
chMtxObjectInit                                   build/obj/chmtx.o
                                                  build/obj/chpipes.o
                                                  build/obj/chmemheaps.o
chMtxTryLock                                      build/obj/chmtx.o
chMtxTryLockS                                     build/obj/chmtx.o
chMtxUnlock                                       build/obj/chmtx.o
                                                  build/obj/chpipes.o
                                                  build/obj/chmemheaps.o
chMtxUnlockAll                                    build/obj/chmtx.o
chMtxUnlockAllS                                   build/obj/chmtx.o
chMtxUnlockS                                      build/obj/chmtx.o
                                                  build/obj/chcond.o
chPipeObjectInit                                  build/obj/chpipes.o
chPipeReadTimeout                                 build/obj/chpipes.o
chPipeReset                                       build/obj/chpipes.o
chPipeWriteTimeout                                build/obj/chpipes.o
chPoolAlloc                                       build/obj/chmempools.o
chPoolAllocI                                      build/obj/chmempools.o
chPoolFree                                        build/obj/chmempools.o
chPoolFreeI                                       build/obj/chmempools.o
chPoolLoadArray                                   build/obj/chmempools.o
chPoolObjectInitAligned                           build/obj/chmempools.o
chRFCUCollectFaultsI                              build/obj/chrfcu.o
                                                  build/obj/chvt.o
chRFCUGetAndClearFaultsI                          build/obj/chrfcu.o
chRegFindThreadByName                             build/obj/chregistry.o
chRegFindThreadByPointer                          build/obj/chregistry.o
chRegFirstThread                                  build/obj/chregistry.o
chRegNextThread                                   build/obj/chregistry.o
chSchDoPreemption                                 build/obj/chschd.o
                                                  build/obj/hal_serial_lld.o
                                                  build/obj/hal_st_lld.o
chSchDoYieldS                                     build/obj/chschd.o
                                                  build/obj/chthreads.o
chSchGoSleepS                                     build/obj/chschd.o
                                                  build/obj/chmsg.o
                                                  build/obj/chevents.o
                                                  build/obj/chcond.o
                                                  build/obj/chmtx.o
                                                  build/obj/chsem.o
                                                  build/obj/chthreads.o
chSchGoSleepTimeoutS                              build/obj/chschd.o
                                                  build/obj/chmsg.o
                                                  build/obj/chevents.o
                                                  build/obj/chcond.o
                                                  build/obj/chsem.o
                                                  build/obj/chthreads.o
chSchIsPreemptionRequired                         build/obj/chschd.o
                                                  build/obj/hal_serial_lld.o
                                                  build/obj/hal_st_lld.o
chSchPreemption                                   build/obj/chschd.o
chSchReadyI                                       build/obj/chschd.o
                                                  build/obj/chmsg.o
                                                  build/obj/chevents.o
                                                  build/obj/chcond.o
                                                  build/obj/chmtx.o
                                                  build/obj/chsem.o
                                                  build/obj/chthreads.o
chSchRescheduleS                                  build/obj/chschd.o
                                                  build/obj/chpipes.o
                                                  build/obj/chmempools.o
                                                  build/obj/chmboxes.o
                                                  build/obj/chevents.o
                                                  build/obj/chcond.o
                                                  build/obj/chmtx.o
                                                  build/obj/chsem.o
                                                  build/obj/chthreads.o
                                                  build/obj/chsys.o
                                                  build/obj/hal_serial.o
chSchSelectFirst                                  build/obj/chschd.o
chSchWakeupS                                      build/obj/chschd.o
                                                  build/obj/chmsg.o
                                                  build/obj/chcond.o
                                                  build/obj/chsem.o
                                                  build/obj/chthreads.o
chSemAddCounterI                                  build/obj/chsem.o
chSemObjectInit                                   build/obj/chsem.o
                                                  build/obj/chobjcaches.o
                                                  build/obj/chmempools.o
chSemResetWithMessage                             build/obj/chsem.o
chSemResetWithMessageI                            build/obj/chsem.o
chSemSignal                                       build/obj/chsem.o
chSemSignalI                                      build/obj/chsem.o
                                                  build/obj/chobjcaches.o
                                                  build/obj/chmempools.o
chSemSignalWait                                   build/obj/chsem.o
chSemWait                                         build/obj/chsem.o
chSemWaitS                                        build/obj/chsem.o
                                                  build/obj/chobjcaches.o
chSemWaitTimeout                                  build/obj/chsem.o
chSemWaitTimeoutS                                 build/obj/chsem.o
                                                  build/obj/chmempools.o
chSysGetIdleThreadX                               build/obj/chsys.o
chSysGetStatusAndLockX                            build/obj/chsys.o
chSysHalt                                         build/obj/chsys.o
chSysInit                                         build/obj/chsys.o
                                                  build/obj/main.o
chSysIntegrityCheckI                              build/obj/chsys.o
chSysRestoreStatusX                               build/obj/chsys.o
chSysTimerHandlerI                                build/obj/chsys.o
                                                  build/obj/hal_st_lld.o
chSysWaitSystemState                              build/obj/chsys.o
chThdAddRef                                       build/obj/chthreads.o
chThdCreate                                       build/obj/chthreads.o
chThdCreateI                                      build/obj/chthreads.o
                                                  build/obj/chinstances.o
chThdCreateStatic                                 build/obj/chthreads.o
                                                  build/obj/main.o
chThdCreateSuspended                              build/obj/chthreads.o
chThdCreateSuspendedI                             build/obj/chthreads.o
chThdDequeueAllI                                  build/obj/chthreads.o
                                                  build/obj/chmboxes.o
                                                  build/obj/hal_queues.o
                                                  build/obj/hal_buffers.o
chThdDequeueNextI                                 build/obj/chthreads.o
                                                  build/obj/chmboxes.o
                                                  build/obj/hal_queues.o
                                                  build/obj/hal_buffers.o
chThdEnqueueTimeoutS                              build/obj/chthreads.o
                                                  build/obj/chmboxes.o
                                                  build/obj/hal_pal.o
                                                  build/obj/hal_queues.o
                                                  build/obj/hal_buffers.o
chThdExit                                         build/obj/chthreads.o
                                                  build/obj/chcore.o
chThdExitS                                        build/obj/chthreads.o
chThdRelease                                      build/obj/chthreads.o
chThdResume                                       build/obj/chthreads.o
                                                  build/obj/chpipes.o
chThdResumeI                                      build/obj/chthreads.o
                                                  build/obj/chpipes.o
chThdResumeS                                      build/obj/chthreads.o
chThdSetPriority                                  build/obj/chthreads.o
chThdSleep                                        build/obj/chthreads.o
                                                  build/obj/main.o
                                                  build/obj/hal_flash.o
chThdSleepUntil                                   build/obj/chthreads.o
chThdSleepUntilWindowed                           build/obj/chthreads.o
chThdStart                                        build/obj/chthreads.o
chThdSuspendS                                     build/obj/chthreads.o
chThdSuspendTimeoutS                              build/obj/chthreads.o
                                                  build/obj/chpipes.o
chThdTerminate                                    build/obj/chthreads.o
chThdWait                                         build/obj/chthreads.o
chThdYield                                        build/obj/chthreads.o
chVTDoResetI                                      build/obj/chvt.o
                                                  build/obj/main.o
                                                  build/obj/chschd.o
chVTDoSetContinuousI                              build/obj/chvt.o
chVTDoSetI                                        build/obj/chvt.o
                                                  build/obj/main.o
                                                  build/obj/chschd.o
chVTDoTickI                                       build/obj/chvt.o
                                                  build/obj/chsys.o
chVTGetRemainingIntervalI                         build/obj/chvt.o
chVTGetTimeStampI                                 build/obj/chvt.o
chVTResetTimeStampI                               build/obj/chvt.o
ch_core0_cfg                                      build/obj/chsys.o
ch_debug                                          build/obj/chregistry.o
                                                  build/obj/chinstances.o
ch_memcore                                        build/obj/chmemcore.o
ch_system                                         build/obj/chsys.o
                                                  build/obj/chinstances.o
ev_buffer                                         build/obj/main.o
exit                                              /usr/lib/gcc/avr/7.3.0/avr5/libgcc.a(_exit.o)
                                                  /usr/lib/gcc/avr/7.3.0/../../../avr/lib/avr5/crtatmega328p.o
fgetc                                             /usr/lib/gcc/avr/7.3.0/../../../avr/lib/avr5/libc.a(fgetc.o)
                                                  /usr/lib/gcc/avr/7.3.0/../../../avr/lib/avr5/libscanf_min.a(vfscanf_min.o)
flashGetAddressOffset                             build/obj/hal_flash.o
flashGetOffsetAddress                             build/obj/hal_flash.o
flashGetOffsetSector                              build/obj/hal_flash.o
flashGetSectorOffset                              build/obj/hal_flash.o
flashGetSectorSize                                build/obj/hal_flash.o
flashWaitErase                                    build/obj/hal_flash.o
fputc                                             /usr/lib/gcc/avr/7.3.0/../../../avr/lib/avr5/libc.a(fputc.o)
                                                  /usr/lib/gcc/avr/7.3.0/../../../avr/lib/avr5/libprintf_min.a(vfprintf_min.o)
halInit                                           build/obj/hal.o
                                                  build/obj/main.o
hal_lld_init                                      build/obj/hal_lld.o
                                                  build/obj/hal.o
ibqGetEmptyBufferI                                build/obj/hal_buffers.o
ibqGetFullBufferTimeout                           build/obj/hal_buffers.o
ibqGetFullBufferTimeoutS                          build/obj/hal_buffers.o
ibqGetTimeout                                     build/obj/hal_buffers.o
ibqObjectInit                                     build/obj/hal_buffers.o
ibqPostFullBufferI                                build/obj/hal_buffers.o
ibqReadTimeout                                    build/obj/hal_buffers.o
ibqReleaseEmptyBuffer                             build/obj/hal_buffers.o
ibqReleaseEmptyBufferS                            build/obj/hal_buffers.o
ibqResetI                                         build/obj/hal_buffers.o
iqGetI                                            build/obj/hal_queues.o
iqGetTimeout                                      build/obj/hal_queues.o
                                                  build/obj/hal_serial.o
iqObjectInit                                      build/obj/hal_queues.o
                                                  build/obj/hal_serial.o
iqPutI                                            build/obj/hal_queues.o
                                                  build/obj/hal_serial.o
                                                  build/obj/hal_buffered_serial.o
iqReadI                                           build/obj/hal_queues.o
iqReadTimeout                                     build/obj/hal_queues.o
                                                  build/obj/hal_serial.o
iqResetI                                          build/obj/hal_queues.o
                                                  build/obj/hal_serial.o
isBufferEmpty                                     build/obj/main.o
isBufferFull                                      build/obj/main.o
isspace                                           /usr/lib/gcc/avr/7.3.0/../../../avr/lib/avr5/libc.a(isspace.o)
                                                  /usr/lib/gcc/avr/7.3.0/../../../avr/lib/avr5/libscanf_min.a(vfscanf_min.o)
main                                              build/obj/main.o
                                                  /usr/lib/gcc/avr/7.3.0/../../../avr/lib/avr5/crtatmega328p.o
memcpy                                            /usr/lib/gcc/avr/7.3.0/../../../avr/lib/avr5/libc.a(memcpy.o)
                                                  build/obj/chpipes.o
                                                  build/obj/hal_queues.o
                                                  build/obj/hal_buffers.o
obqFlush                                          build/obj/hal_buffers.o
obqGetEmptyBufferTimeout                          build/obj/hal_buffers.o
obqGetEmptyBufferTimeoutS                         build/obj/hal_buffers.o
obqGetFullBufferI                                 build/obj/hal_buffers.o
obqObjectInit                                     build/obj/hal_buffers.o
obqPostFullBuffer                                 build/obj/hal_buffers.o
obqPostFullBufferS                                build/obj/hal_buffers.o
obqPutTimeout                                     build/obj/hal_buffers.o
obqReleaseEmptyBufferI                            build/obj/hal_buffers.o
obqResetI                                         build/obj/hal_buffers.o
obqTryFlushI                                      build/obj/hal_buffers.o
obqWriteTimeout                                   build/obj/hal_buffers.o
oqGetI                                            build/obj/hal_queues.o
                                                  build/obj/hal_serial.o
                                                  build/obj/hal_buffered_serial.o
oqObjectInit                                      build/obj/hal_queues.o
                                                  build/obj/hal_serial.o
oqPutI                                            build/obj/hal_queues.o
oqPutTimeout                                      build/obj/hal_queues.o
                                                  build/obj/hal_serial.o
oqResetI                                          build/obj/hal_queues.o
                                                  build/obj/hal_serial.o
oqWriteI                                          build/obj/hal_queues.o
oqWriteTimeout                                    build/obj/hal_queues.o
                                                  build/obj/hal_serial.o
palReadBus                                        build/obj/hal_pal.o
palSetBusMode                                     build/obj/hal_pal.o
palSetLineCallbackI                               build/obj/hal_pal.o
palSetPadCallbackI                                build/obj/hal_pal.o
palWaitLineTimeout                                build/obj/hal_pal.o
palWaitLineTimeoutS                               build/obj/hal_pal.o
palWaitPadTimeout                                 build/obj/hal_pal.o
palWaitPadTimeoutS                                build/obj/hal_pal.o
palWriteBus                                       build/obj/hal_pal.o
pal_default_config                                build/obj/board.o
                                                  build/obj/hal.o
sdControl                                         build/obj/hal_serial.o
sdGetWouldBlock                                   build/obj/hal_serial.o
sdIncomingDataI                                   build/obj/hal_serial.o
                                                  build/obj/hal_serial_lld.o
sdInit                                            build/obj/hal_serial.o
                                                  build/obj/hal.o
sdObjectInit                                      build/obj/hal_serial.o
                                                  build/obj/hal_serial_lld.o
sdPutWouldBlock                                   build/obj/hal_serial.o
sdRequestDataI                                    build/obj/hal_serial.o
                                                  build/obj/hal_serial_lld.o
sdStart                                           build/obj/hal_serial.o
sdStop                                            build/obj/hal_serial.o
sd_lld_init                                       build/obj/hal_serial_lld.o
                                                  build/obj/hal_serial.o
sd_lld_start                                      build/obj/hal_serial_lld.o
                                                  build/obj/hal_serial.o
sd_lld_stop                                       build/obj/hal_serial_lld.o
                                                  build/obj/hal_serial.o
stGetAlarm                                        build/obj/hal_st.o
stGetCounter                                      build/obj/hal_st.o
                                                  build/obj/chthreads.o
                                                  build/obj/chinstances.o
                                                  build/obj/chvt.o
stInit                                            build/obj/hal_st.o
                                                  build/obj/hal.o
stIsAlarmActive                                   build/obj/hal_st.o
stSetAlarm                                        build/obj/hal_st.o
                                                  build/obj/chvt.o
stStartAlarm                                      build/obj/hal_st.o
                                                  build/obj/chvt.o
stStopAlarm                                       build/obj/hal_st.o
                                                  build/obj/chvt.o
st_lld_init                                       build/obj/hal_st_lld.o
                                                  build/obj/hal_st.o
strchr_P                                          /usr/lib/gcc/avr/7.3.0/../../../avr/lib/avr5/libc.a(strchr_P.o)
                                                  /usr/lib/gcc/avr/7.3.0/../../../avr/lib/avr5/libscanf_min.a(vfscanf_min.o)
                                                  /usr/lib/gcc/avr/7.3.0/../../../avr/lib/avr5/libprintf_min.a(vfprintf_min.o)
strcmp                                            /usr/lib/gcc/avr/7.3.0/../../../avr/lib/avr5/libc.a(strcmp.o)
                                                  build/obj/chregistry.o
ungetc                                            /usr/lib/gcc/avr/7.3.0/../../../avr/lib/avr5/libc.a(ungetc.o)
                                                  /usr/lib/gcc/avr/7.3.0/../../../avr/lib/avr5/libscanf_min.a(vfscanf_min.o)
vfprintf                                          /usr/lib/gcc/avr/7.3.0/../../../avr/lib/avr5/libprintf_min.a(vfprintf_min.o)
vfscanf                                           /usr/lib/gcc/avr/7.3.0/../../../avr/lib/avr5/libscanf_min.a(vfscanf_min.o)
vt_cb                                             build/obj/main.o
vt_cb2                                            build/obj/main.o
